// Jest Snapshot v1, https://goo.gl/fbAQLP

exports[`renders correctly 1`] = `
<div>
  <button
    className="btn btn-primary"
    onClick={[Function]}
    type={undefined}
  >
    Gender
  </button>
   
</div>
`;
